// Jest Snapshot v1, https://goo.gl/fbAQLP

exports[`Layout should match the snapshots 1`] = `
Object {
  "asFragment": [Function],
  "baseElement": .emotion-1 {
  margin: 0 auto;
  max-width: 860px;
  padding: 1.5rem;
}

.emotion-0 {
  width: 75vw;
  max-width: px;
  margin: 0 auto;
  margin-bottom: 3rem;
}

<body>
    <div>
      <div
        class="emotion-1 emotion-2"
      >
        <a
          href="/"
        >
          <div
            class="emotion-0 gatsby-image-wrapper"
            style="position: relative; overflow: hidden;"
          >
            <div
              style="width: 100%; padding-bottom: 38.659793814432994%;"
            />
            <img
              alt=""
              src="data:image/png;base64,iVBORw0KGgoAAAANSUhEUgAAABQAAAAICAYAAAD5nd/tAAAACXBIWXMAAByiAAAcogGXwtSEAAABvUlEQVQoz2MQENXiZ2XntmViYnFlYGS0YGRkcmZiZnUCinmxcfDZ2Xu+YYACWSCWAWJhIOYCYjYglgNiDSCWZkACIEXMQCwExKpArAAVk4SKKULVWQOxExBHALE5EIsBsRYQBwKxPlQNI4OhU8W0xI79O9In7D+dP/v0pZIFV8/nzjx3OGvq+TWeKUsmcHKpBIFVMrEqQA0HWaQOxBxALAK1XALuPJfQa/9Cc9/998l69N898/V/77zX/2OqP/yPKPrwPyTr/39No+ZOkEZ2TgmQYUZAbAn1ojzUB6ZArALEnGADnYOuXPRL/P8/J63p57TmmD/txW6/fSOu/fJP+v/DP/Hff1mVuA6QgSysfBpQw/yB2AKIbaDBYA8VEwAbqKaX2+4V//9/QXbR/1UT9P8v71X/H5J45X947v//Np67rwGV+IHUcfOpMAIpXiDmA2JBqOtgEcQDxKwwX9tpmbRscgl79c0+9P9vp/C/P73i/jw3c1p5kIWVPwoozw5VBwp4A6hhVkBshmSwNlRMikFONRoUw3qc3FJl0vKuXeLS9k0srJzpQDFdIGZCSg1CUNexQGl+KBvGB3mZEwBW8nIn4ecIXgAAAABJRU5ErkJggg=="
              style="position: absolute; top: 0px; left: 0px; width: 100%; height: 100%; object-fit: cover; object-position: center; opacity: 1; transition-delay: 500ms;"
            />
            <img
              alt=""
              src="data:image/svg+xml,%3csvg%20xmlns='http://www.w3.org/2000/svg'%20width='400'%20height='155'%3e%3cpath%20d='M75%204C49%206%2042%209%2031%2020%209%2042-1%2075%208%2098c10%2024%2032%2044%2057%2050%2012%204%2051%205%2061%203%2012-3%2030-14%2043-25%2028-25%2034-53%2018-84-6-13-17-27-23-30-11-6-64-11-89-8M64%208c-11%201-10%203%201%207%2027%2010%2066%2011%2087%202%205-2%205-3%203-4-8-4-67-7-91-5m255%204l-3%203c-3%201-3%203%200%203%202-1%202%200%202%207l3%2019v1c-2%207%2012-6%2016-14%206-11%202-17-12-18l-5-2c-1-1-1-1-1%201m-99%200v9l1%2017c-1%2011-1%2011%207%209%209-3%2013-5%2012-6s-2-1-7%201c-8%203-9%203-9-4v-6l6-2%207-4-6%201c-8%203-8%203-8-3v-5l6-1%2011-5c0-1-1-1-10%201l-7%202v-3c-1-2-2-3-3-1m27%2015c-6%2022-6%2022-4%2022%201%200%202-1%203-5%200-6%201-6%209-8l5-1%202%207%204%206v-6c-3-6-3-8-2-8l3-2c1-1%201-1-2-1h-3l-4-9-6-11-5%2016m41-15l-1%206c0%2011-4%2027-7%2027-6%200-8-7-8-21%200-8-1-12-2-12-2%200-3%207-1%2019%202%2017%2012%2022%2017%2010l2-4v5l2%206V30c0-16-1-20-2-18m54%200v6l1%2018c0%2013%200%2013%208%2010%208-2%2012-4%2011-5%200-1-3-1-6%201-9%203-10%203-10-3s1-7%207-9c4-1%208-4%207-5l-7%202c-7%203-8%202-8-3s0-5%204-6c8-2%2012-4%2013-5%200-1-1-1-10%201l-7%202v-3c-1-2-2-3-3-1M41%2015A90%2090%200%20009%2069c-3%2022%209%2047%2034%2064%2014%2011%2039%2016%2066%2015%2018-1%2028-4%2042-13%2044-29%2052-72%2021-110-8-10-9-11-12-8-18%2013-72%2013-102-1-10-5-10-5-17-1m281%201c-1%201-1%2012%201%2022v5l5-4c5-6%209-14%209-17-1-5-14-9-15-6M55%2042c-29%203-33%205-35%2011s-1%2024%201%2033c5%2018%2021%2041%2036%2048%2020%2011%2064%208%2090-5%2017-9%2032-28%2035-46%202-10%200-29-3-33-3-2-12-4-42-7-16-2-67-2-82-1m24%203l-49%204c-1%200%200%202%204%204%2012%207%2019%209%2067%2011%2011%201%2030%200%2040-3%2012-2%2032-9%2029-10-9-4-71-8-91-6m142%2022c-2%204-3%205%200%205%201-1%201%201%201%2014l1%2014c1%200%202-5%202-11%200-4%200-4%204-6%2011-6%2016-12%2011-17-2-2-9-3-12-1h-3c-1-1-2%200-4%202m26%201c-12%2013-7%2038%206%2030%2012-6%2013-34%201-34-3%200-4%201-7%204m31-1c-6%205-10%2012-8%2015%203%204%204%205%2013%206l8%202c1%201-4%204-11%206-6%202-9%204-5%204%207%200%2019-6%2019-10%200-3-2-4-8-5-8-1-13-2-13-4-2-4%207-13%2012-13%203%200%204-1%204-2%200-3-5-2-11%201m24%200c-6%205-10%2012-8%2015%203%204%204%205%2013%206l8%202c1%201-4%204-11%206s-9%204-5%204c7%200%2019-6%2019-10%200-3-3-4-11-5l-8-2c-7-2%202-15%2010-15%203%200%204-1%204-2%200-3-5-2-11%201m26%200c-5%204-8%2012-8%2021%200%2013%2012%2016%2019%204%203-6%204-19%201-24-2-5-7-5-12-1m16%2013c1%2018%202%2020%203%2020l1-14c0-9%200-13%201-12a317%20317%200%200116%2026c3-1%201-36-2-36v29l-8-14-10-15-1%2016M228%2067c-3%202-3%202-3%208v7l5-2c8-4%2011-9%207-12-1-2-4-2-9-1m21%202c-5%206-8%2021-4%2026%205%207%2014-4%2014-17%201-10-5-15-10-9m80%200c-5%205-8%2021-4%2026%205%207%2014-4%2014-18%200-9-5-13-10-8M63%2087l4%206%204%205-2%205c-4%2011-4%2011%206%204l7-4%206%203c10%205%2018%205%2025-1%208-6%209-7%205-11-3-4-10-7-17-7-5%200-8%200-15%205-3%201-3%201-7-1l-15-5-1%201m221%2039c0%2012%200%2012%206%209%208-5%207-14-1-11l-3%201v-5l-1-5-1%2011m-49-4c-4%202-6%2012-3%2014%201%201%202%201%204-1%202-3%202-3%202-1l1%203%201-5-1-8c0-2-2-3-4-2m41%202c-3%203-2%2011%200%2012%203%202%207-2%207-7%200-8-3-10-7-5m92-1c-4%204-5%2012-3%2013%201%201%204%200%205-3l2-2v3l1%203-1-15c-2-1-3-1-4%201m20-1c-4%202-6%2012-3%2014%201%201%202%201%204-1%202-3%202-3%202-1l2%202v-1l-1-7c0-6-1-7-4-6m-165%202h-2l-1-1-1%2011%201%2011%201-4c0-3%201-5%203-7%208-7%207-16-1-10'%20fill='%23d3d3d3'%20fill-rule='evenodd'/%3e%3c/svg%3e"
              style="position: absolute; top: 0px; left: 0px; width: 100%; height: 100%; object-fit: cover; object-position: center; opacity: 1; transition-delay: 500ms;"
            />
            <picture>
              <source
                sizes="(max-width: 1024px) 100vw, 1024px"
                srcset="/static/006fbf5aa7e69ee7bcc4980cb1361faf/d1455/eaudepoisson-banner.png 256w,
/static/006fbf5aa7e69ee7bcc4980cb1361faf/7e783/eaudepoisson-banner.png 512w,
/static/006fbf5aa7e69ee7bcc4980cb1361faf/e95dd/eaudepoisson-banner.png 1024w,
/static/006fbf5aa7e69ee7bcc4980cb1361faf/8d905/eaudepoisson-banner.png 1536w,
/static/006fbf5aa7e69ee7bcc4980cb1361faf/037d0/eaudepoisson-banner.png 1552w"
              />
              <img
                alt="eau de poisson, par robin et clara"
                loading="lazy"
                sizes="(max-width: 1024px) 100vw, 1024px"
                src="/static/006fbf5aa7e69ee7bcc4980cb1361faf/e95dd/eaudepoisson-banner.png"
                srcset="/static/006fbf5aa7e69ee7bcc4980cb1361faf/d1455/eaudepoisson-banner.png 256w,
/static/006fbf5aa7e69ee7bcc4980cb1361faf/7e783/eaudepoisson-banner.png 512w,
/static/006fbf5aa7e69ee7bcc4980cb1361faf/e95dd/eaudepoisson-banner.png 1024w,
/static/006fbf5aa7e69ee7bcc4980cb1361faf/8d905/eaudepoisson-banner.png 1536w,
/static/006fbf5aa7e69ee7bcc4980cb1361faf/037d0/eaudepoisson-banner.png 1552w"
                style="position: absolute; top: 0px; left: 0px; width: 100%; height: 100%; object-fit: cover; object-position: center; opacity: 0; transition: opacity 500ms;"
              />
            </picture>
            <noscript>
              &lt;picture&gt;&lt;source srcset="/static/006fbf5aa7e69ee7bcc4980cb1361faf/d1455/eaudepoisson-banner.png 256w,
/static/006fbf5aa7e69ee7bcc4980cb1361faf/7e783/eaudepoisson-banner.png 512w,
/static/006fbf5aa7e69ee7bcc4980cb1361faf/e95dd/eaudepoisson-banner.png 1024w,
/static/006fbf5aa7e69ee7bcc4980cb1361faf/8d905/eaudepoisson-banner.png 1536w,
/static/006fbf5aa7e69ee7bcc4980cb1361faf/037d0/eaudepoisson-banner.png 1552w" sizes="(max-width: 1024px) 100vw, 1024px" /&gt;&lt;img loading="lazy" sizes="(max-width: 1024px) 100vw, 1024px" srcset="/static/006fbf5aa7e69ee7bcc4980cb1361faf/d1455/eaudepoisson-banner.png 256w,
/static/006fbf5aa7e69ee7bcc4980cb1361faf/7e783/eaudepoisson-banner.png 512w,
/static/006fbf5aa7e69ee7bcc4980cb1361faf/e95dd/eaudepoisson-banner.png 1024w,
/static/006fbf5aa7e69ee7bcc4980cb1361faf/8d905/eaudepoisson-banner.png 1536w,
/static/006fbf5aa7e69ee7bcc4980cb1361faf/037d0/eaudepoisson-banner.png 1552w" src="/static/006fbf5aa7e69ee7bcc4980cb1361faf/e95dd/eaudepoisson-banner.png" alt="eau de poisson, par robin et clara" style="position:absolute;top:0;left:0;opacity:1;width:100%;height:100%;object-fit:cover;object-position:center"/&gt;&lt;/picture&gt;
            </noscript>
          </div>
        </a>
        <main>
          <div>
            Page content
          </div>
        </main>
      </div>
    </div>
  </body>,
  "container": .emotion-1 {
  margin: 0 auto;
  max-width: 860px;
  padding: 1.5rem;
}

.emotion-0 {
  width: 75vw;
  max-width: px;
  margin: 0 auto;
  margin-bottom: 3rem;
}

<div>
    <div
      class="emotion-1 emotion-2"
    >
      <a
        href="/"
      >
        <div
          class="emotion-0 gatsby-image-wrapper"
          style="position: relative; overflow: hidden;"
        >
          <div
            style="width: 100%; padding-bottom: 38.659793814432994%;"
          />
          <img
            alt=""
            src="data:image/png;base64,iVBORw0KGgoAAAANSUhEUgAAABQAAAAICAYAAAD5nd/tAAAACXBIWXMAAByiAAAcogGXwtSEAAABvUlEQVQoz2MQENXiZ2XntmViYnFlYGS0YGRkcmZiZnUCinmxcfDZ2Xu+YYACWSCWAWJhIOYCYjYglgNiDSCWZkACIEXMQCwExKpArAAVk4SKKULVWQOxExBHALE5EIsBsRYQBwKxPlQNI4OhU8W0xI79O9In7D+dP/v0pZIFV8/nzjx3OGvq+TWeKUsmcHKpBIFVMrEqQA0HWaQOxBxALAK1XALuPJfQa/9Cc9/998l69N898/V/77zX/2OqP/yPKPrwPyTr/39No+ZOkEZ2TgmQYUZAbAn1ojzUB6ZArALEnGADnYOuXPRL/P8/J63p57TmmD/txW6/fSOu/fJP+v/DP/Hff1mVuA6QgSysfBpQw/yB2AKIbaDBYA8VEwAbqKaX2+4V//9/QXbR/1UT9P8v71X/H5J45X947v//Np67rwGV+IHUcfOpMAIpXiDmA2JBqOtgEcQDxKwwX9tpmbRscgl79c0+9P9vp/C/P73i/jw3c1p5kIWVPwoozw5VBwp4A6hhVkBshmSwNlRMikFONRoUw3qc3FJl0vKuXeLS9k0srJzpQDFdIGZCSg1CUNexQGl+KBvGB3mZEwBW8nIn4ecIXgAAAABJRU5ErkJggg=="
            style="position: absolute; top: 0px; left: 0px; width: 100%; height: 100%; object-fit: cover; object-position: center; opacity: 1; transition-delay: 500ms;"
          />
          <img
            alt=""
            src="data:image/svg+xml,%3csvg%20xmlns='http://www.w3.org/2000/svg'%20width='400'%20height='155'%3e%3cpath%20d='M75%204C49%206%2042%209%2031%2020%209%2042-1%2075%208%2098c10%2024%2032%2044%2057%2050%2012%204%2051%205%2061%203%2012-3%2030-14%2043-25%2028-25%2034-53%2018-84-6-13-17-27-23-30-11-6-64-11-89-8M64%208c-11%201-10%203%201%207%2027%2010%2066%2011%2087%202%205-2%205-3%203-4-8-4-67-7-91-5m255%204l-3%203c-3%201-3%203%200%203%202-1%202%200%202%207l3%2019v1c-2%207%2012-6%2016-14%206-11%202-17-12-18l-5-2c-1-1-1-1-1%201m-99%200v9l1%2017c-1%2011-1%2011%207%209%209-3%2013-5%2012-6s-2-1-7%201c-8%203-9%203-9-4v-6l6-2%207-4-6%201c-8%203-8%203-8-3v-5l6-1%2011-5c0-1-1-1-10%201l-7%202v-3c-1-2-2-3-3-1m27%2015c-6%2022-6%2022-4%2022%201%200%202-1%203-5%200-6%201-6%209-8l5-1%202%207%204%206v-6c-3-6-3-8-2-8l3-2c1-1%201-1-2-1h-3l-4-9-6-11-5%2016m41-15l-1%206c0%2011-4%2027-7%2027-6%200-8-7-8-21%200-8-1-12-2-12-2%200-3%207-1%2019%202%2017%2012%2022%2017%2010l2-4v5l2%206V30c0-16-1-20-2-18m54%200v6l1%2018c0%2013%200%2013%208%2010%208-2%2012-4%2011-5%200-1-3-1-6%201-9%203-10%203-10-3s1-7%207-9c4-1%208-4%207-5l-7%202c-7%203-8%202-8-3s0-5%204-6c8-2%2012-4%2013-5%200-1-1-1-10%201l-7%202v-3c-1-2-2-3-3-1M41%2015A90%2090%200%20009%2069c-3%2022%209%2047%2034%2064%2014%2011%2039%2016%2066%2015%2018-1%2028-4%2042-13%2044-29%2052-72%2021-110-8-10-9-11-12-8-18%2013-72%2013-102-1-10-5-10-5-17-1m281%201c-1%201-1%2012%201%2022v5l5-4c5-6%209-14%209-17-1-5-14-9-15-6M55%2042c-29%203-33%205-35%2011s-1%2024%201%2033c5%2018%2021%2041%2036%2048%2020%2011%2064%208%2090-5%2017-9%2032-28%2035-46%202-10%200-29-3-33-3-2-12-4-42-7-16-2-67-2-82-1m24%203l-49%204c-1%200%200%202%204%204%2012%207%2019%209%2067%2011%2011%201%2030%200%2040-3%2012-2%2032-9%2029-10-9-4-71-8-91-6m142%2022c-2%204-3%205%200%205%201-1%201%201%201%2014l1%2014c1%200%202-5%202-11%200-4%200-4%204-6%2011-6%2016-12%2011-17-2-2-9-3-12-1h-3c-1-1-2%200-4%202m26%201c-12%2013-7%2038%206%2030%2012-6%2013-34%201-34-3%200-4%201-7%204m31-1c-6%205-10%2012-8%2015%203%204%204%205%2013%206l8%202c1%201-4%204-11%206-6%202-9%204-5%204%207%200%2019-6%2019-10%200-3-2-4-8-5-8-1-13-2-13-4-2-4%207-13%2012-13%203%200%204-1%204-2%200-3-5-2-11%201m24%200c-6%205-10%2012-8%2015%203%204%204%205%2013%206l8%202c1%201-4%204-11%206s-9%204-5%204c7%200%2019-6%2019-10%200-3-3-4-11-5l-8-2c-7-2%202-15%2010-15%203%200%204-1%204-2%200-3-5-2-11%201m26%200c-5%204-8%2012-8%2021%200%2013%2012%2016%2019%204%203-6%204-19%201-24-2-5-7-5-12-1m16%2013c1%2018%202%2020%203%2020l1-14c0-9%200-13%201-12a317%20317%200%200116%2026c3-1%201-36-2-36v29l-8-14-10-15-1%2016M228%2067c-3%202-3%202-3%208v7l5-2c8-4%2011-9%207-12-1-2-4-2-9-1m21%202c-5%206-8%2021-4%2026%205%207%2014-4%2014-17%201-10-5-15-10-9m80%200c-5%205-8%2021-4%2026%205%207%2014-4%2014-18%200-9-5-13-10-8M63%2087l4%206%204%205-2%205c-4%2011-4%2011%206%204l7-4%206%203c10%205%2018%205%2025-1%208-6%209-7%205-11-3-4-10-7-17-7-5%200-8%200-15%205-3%201-3%201-7-1l-15-5-1%201m221%2039c0%2012%200%2012%206%209%208-5%207-14-1-11l-3%201v-5l-1-5-1%2011m-49-4c-4%202-6%2012-3%2014%201%201%202%201%204-1%202-3%202-3%202-1l1%203%201-5-1-8c0-2-2-3-4-2m41%202c-3%203-2%2011%200%2012%203%202%207-2%207-7%200-8-3-10-7-5m92-1c-4%204-5%2012-3%2013%201%201%204%200%205-3l2-2v3l1%203-1-15c-2-1-3-1-4%201m20-1c-4%202-6%2012-3%2014%201%201%202%201%204-1%202-3%202-3%202-1l2%202v-1l-1-7c0-6-1-7-4-6m-165%202h-2l-1-1-1%2011%201%2011%201-4c0-3%201-5%203-7%208-7%207-16-1-10'%20fill='%23d3d3d3'%20fill-rule='evenodd'/%3e%3c/svg%3e"
            style="position: absolute; top: 0px; left: 0px; width: 100%; height: 100%; object-fit: cover; object-position: center; opacity: 1; transition-delay: 500ms;"
          />
          <picture>
            <source
              sizes="(max-width: 1024px) 100vw, 1024px"
              srcset="/static/006fbf5aa7e69ee7bcc4980cb1361faf/d1455/eaudepoisson-banner.png 256w,
/static/006fbf5aa7e69ee7bcc4980cb1361faf/7e783/eaudepoisson-banner.png 512w,
/static/006fbf5aa7e69ee7bcc4980cb1361faf/e95dd/eaudepoisson-banner.png 1024w,
/static/006fbf5aa7e69ee7bcc4980cb1361faf/8d905/eaudepoisson-banner.png 1536w,
/static/006fbf5aa7e69ee7bcc4980cb1361faf/037d0/eaudepoisson-banner.png 1552w"
            />
            <img
              alt="eau de poisson, par robin et clara"
              loading="lazy"
              sizes="(max-width: 1024px) 100vw, 1024px"
              src="/static/006fbf5aa7e69ee7bcc4980cb1361faf/e95dd/eaudepoisson-banner.png"
              srcset="/static/006fbf5aa7e69ee7bcc4980cb1361faf/d1455/eaudepoisson-banner.png 256w,
/static/006fbf5aa7e69ee7bcc4980cb1361faf/7e783/eaudepoisson-banner.png 512w,
/static/006fbf5aa7e69ee7bcc4980cb1361faf/e95dd/eaudepoisson-banner.png 1024w,
/static/006fbf5aa7e69ee7bcc4980cb1361faf/8d905/eaudepoisson-banner.png 1536w,
/static/006fbf5aa7e69ee7bcc4980cb1361faf/037d0/eaudepoisson-banner.png 1552w"
              style="position: absolute; top: 0px; left: 0px; width: 100%; height: 100%; object-fit: cover; object-position: center; opacity: 0; transition: opacity 500ms;"
            />
          </picture>
          <noscript>
            &lt;picture&gt;&lt;source srcset="/static/006fbf5aa7e69ee7bcc4980cb1361faf/d1455/eaudepoisson-banner.png 256w,
/static/006fbf5aa7e69ee7bcc4980cb1361faf/7e783/eaudepoisson-banner.png 512w,
/static/006fbf5aa7e69ee7bcc4980cb1361faf/e95dd/eaudepoisson-banner.png 1024w,
/static/006fbf5aa7e69ee7bcc4980cb1361faf/8d905/eaudepoisson-banner.png 1536w,
/static/006fbf5aa7e69ee7bcc4980cb1361faf/037d0/eaudepoisson-banner.png 1552w" sizes="(max-width: 1024px) 100vw, 1024px" /&gt;&lt;img loading="lazy" sizes="(max-width: 1024px) 100vw, 1024px" srcset="/static/006fbf5aa7e69ee7bcc4980cb1361faf/d1455/eaudepoisson-banner.png 256w,
/static/006fbf5aa7e69ee7bcc4980cb1361faf/7e783/eaudepoisson-banner.png 512w,
/static/006fbf5aa7e69ee7bcc4980cb1361faf/e95dd/eaudepoisson-banner.png 1024w,
/static/006fbf5aa7e69ee7bcc4980cb1361faf/8d905/eaudepoisson-banner.png 1536w,
/static/006fbf5aa7e69ee7bcc4980cb1361faf/037d0/eaudepoisson-banner.png 1552w" src="/static/006fbf5aa7e69ee7bcc4980cb1361faf/e95dd/eaudepoisson-banner.png" alt="eau de poisson, par robin et clara" style="position:absolute;top:0;left:0;opacity:1;width:100%;height:100%;object-fit:cover;object-position:center"/&gt;&lt;/picture&gt;
          </noscript>
        </div>
      </a>
      <main>
        <div>
          Page content
        </div>
      </main>
    </div>
  </div>,
  "debug": [Function],
  "findAllByAltText": [Function],
  "findAllByDisplayValue": [Function],
  "findAllByLabelText": [Function],
  "findAllByPlaceholderText": [Function],
  "findAllByRole": [Function],
  "findAllByTestId": [Function],
  "findAllByText": [Function],
  "findAllByTitle": [Function],
  "findByAltText": [Function],
  "findByDisplayValue": [Function],
  "findByLabelText": [Function],
  "findByPlaceholderText": [Function],
  "findByRole": [Function],
  "findByTestId": [Function],
  "findByText": [Function],
  "findByTitle": [Function],
  "getAllByAltText": [Function],
  "getAllByDisplayValue": [Function],
  "getAllByLabelText": [Function],
  "getAllByPlaceholderText": [Function],
  "getAllByRole": [Function],
  "getAllByTestId": [Function],
  "getAllByText": [Function],
  "getAllByTitle": [Function],
  "getByAltText": [Function],
  "getByDisplayValue": [Function],
  "getByLabelText": [Function],
  "getByPlaceholderText": [Function],
  "getByRole": [Function],
  "getByTestId": [Function],
  "getByText": [Function],
  "getByTitle": [Function],
  "queryAllByAltText": [Function],
  "queryAllByDisplayValue": [Function],
  "queryAllByLabelText": [Function],
  "queryAllByPlaceholderText": [Function],
  "queryAllByRole": [Function],
  "queryAllByTestId": [Function],
  "queryAllByText": [Function],
  "queryAllByTitle": [Function],
  "queryByAltText": [Function],
  "queryByDisplayValue": [Function],
  "queryByLabelText": [Function],
  "queryByPlaceholderText": [Function],
  "queryByRole": [Function],
  "queryByTestId": [Function],
  "queryByText": [Function],
  "queryByTitle": [Function],
  "rerender": [Function],
  "unmount": [Function],
}
`;
